T15732_08a: Too many @-files encountered.
CallStack (from HasCallStack):
  error, called at libraries/base/GHC/ResponseFile.hs:134:18 in base:GHC.ResponseFile
