args: []
argsR: []
oldGenFactor: 3.0
generations: 4
